########## 1003_02 ##########
mag4 K=10: batch optimum of the first W decimated states (1 state = 1 s)
  ridge TL init over 29 s: |beta|max=611.5, residual rms 303.5 nT
W=   30 (    30 s)  err  5.6048e+05 ->  6.8998e+03   drms     114.4 m (ins    1.5)   |TL|max     52.1  S    -28.0  [0s]
  ridge TL init over 99 s: |beta|max=641.8, residual rms 143.2 nT
W=  100 (   100 s)  err  6.2038e+05 ->  1.4138e+04   drms    2135.7 m (ins    5.7)   |TL|max    545.9  S    -75.9  [0s]
  ridge TL init over 199 s: |beta|max=654.8, residual rms 94.4 nT
W=  200 (   200 s)  err  6.4584e+05 ->  1.5589e+04   drms      42.2 m (ins   11.0)   |TL|max    652.9  S    -48.5  [1s]
  ridge TL init over 299 s: |beta|max=657.8, residual rms 75.8 nT
W=  300 (   300 s)  err  6.5381e+05 ->  1.5729e+04   drms      42.7 m (ins   16.4)   |TL|max    651.1  S    -27.8  [1s]
  ridge TL init over 399 s: |beta|max=667.0, residual rms 67.1 nT
W=  400 (   400 s)  err  6.7530e+05 ->  1.5913e+04   drms     125.8 m (ins   22.0)   |TL|max    707.7  S    -17.8  [2s]
  ridge TL init over 499 s: |beta|max=703.8, residual rms 63.8 nT
W=  500 (   500 s)  err  7.5717e+05 ->  1.6158e+04   drms      40.8 m (ins   27.9)   |TL|max    780.2  S    -12.3  [3s]
  ridge TL init over 599 s: |beta|max=736.2, residual rms 49.4 nT
W=  600 (   600 s)  err  8.2273e+05 ->  1.6209e+04   drms      87.0 m (ins   34.5)   |TL|max    795.5  S     -7.3  [4s]
  ridge TL init over 899 s: |beta|max=727.7, residual rms 49.3 nT
W=  900 (   900 s)  err  8.2555e+05 ->  1.6393e+04   drms      16.5 m (ins   56.7)   |TL|max    792.5  S     -2.4  [8s]
mag5 K=10: batch optimum of the first W decimated states (1 state = 1 s)
  ridge TL init over 29 s: |beta|max=8.5, residual rms 9.0 nT
W=   30 (    30 s)  err  1.1556e+02 ->  1.1974e+01   drms      10.9 m (ins    1.5)   |TL|max      8.9  S      6.5  [0s]
  ridge TL init over 99 s: |beta|max=8.9, residual rms 9.7 nT
W=  100 (   100 s)  err  1.6702e+02 ->  2.2945e+01   drms      41.8 m (ins    5.7)   |TL|max      7.6  S      4.1  [0s]
  ridge TL init over 199 s: |beta|max=7.4, residual rms 11.2 nT
W=  200 (   200 s)  err  1.9814e+02 ->  3.0145e+01   drms      13.4 m (ins   11.0)   |TL|max      8.6  S      2.4  [0s]
  ridge TL init over 299 s: |beta|max=6.7, residual rms 11.5 nT
W=  300 (   300 s)  err  2.3567e+02 ->  3.6898e+01   drms       9.6 m (ins   16.4)   |TL|max      9.8  S      1.2  [0s]
  ridge TL init over 399 s: |beta|max=7.2, residual rms 10.9 nT
W=  400 (   400 s)  err  2.7464e+02 ->  4.6950e+01   drms       9.4 m (ins   22.0)   |TL|max     26.4  S      0.8  [1s]
  ridge TL init over 499 s: |beta|max=12.8, residual rms 12.6 nT
W=  500 (   500 s)  err  6.2395e+02 ->  7.1044e+01   drms      23.9 m (ins   27.9)   |TL|max     64.5  S      0.9  [1s]
  ridge TL init over 599 s: |beta|max=120.5, residual rms 24.1 nT
W=  600 (   600 s)  err  1.8220e+04 ->  1.1449e+02   drms       8.0 m (ins   34.5)   |TL|max    122.8  S      1.6  [1s]
  ridge TL init over 899 s: |beta|max=161.4, residual rms 28.6 nT
W=  900 (   900 s)  err  3.2472e+04 ->  1.5852e+02   drms      11.4 m (ins   56.7)   |TL|max    154.5  S     -0.3  [6s]
########## 1003_08 ##########
mag4 K=10: batch optimum of the first W decimated states (1 state = 1 s)
  ridge TL init over 29 s: |beta|max=502.8, residual rms 249.7 nT
W=   30 (    30 s)  err  3.8894e+05 ->  5.7746e+03   drms      19.3 m (ins    2.5)   |TL|max     52.1  S    -28.0  [0s]
  ridge TL init over 99 s: |beta|max=562.3, residual rms 91.4 nT
W=  100 (   100 s)  err  4.8600e+05 ->  1.3097e+04   drms     558.3 m (ins    9.1)   |TL|max    550.2  S    -76.2  [0s]
  ridge TL init over 199 s: |beta|max=573.8, residual rms 56.1 nT
W=  200 (   200 s)  err  5.0313e+05 ->  1.3359e+04   drms      71.1 m (ins   19.3)   |TL|max    576.4  S    -44.2  [1s]
  ridge TL init over 299 s: |beta|max=578.5, residual rms 47.1 nT
W=  300 (   300 s)  err  5.0838e+05 ->  1.3545e+04   drms      23.1 m (ins   30.3)   |TL|max    595.2  S    -25.4  [2s]
  ridge TL init over 399 s: |beta|max=580.5, residual rms 47.5 nT
W=  400 (   400 s)  err  5.0804e+05 ->  1.3692e+04   drms      39.4 m (ins   41.8)   |TL|max    612.6  S    -14.2  [2s]
  ridge TL init over 499 s: |beta|max=585.0, residual rms 52.0 nT
W=  500 (   500 s)  err  5.0604e+05 ->  1.3910e+04   drms      43.7 m (ins   53.5)   |TL|max    662.7  S     -8.1  [3s]
  ridge TL init over 599 s: |beta|max=604.1, residual rms 60.9 nT
W=  600 (   600 s)  err  5.0925e+05 ->  1.4041e+04   drms      41.5 m (ins   65.3)   |TL|max    728.5  S     -4.4  [4s]
  ridge TL init over 899 s: |beta|max=697.4, residual rms 51.5 nT
W=  900 (   900 s)  err  8.1328e+05 ->  1.4397e+04   drms      43.2 m (ins  100.7)   |TL|max    706.5  S     -2.8  [8s]
mag5 K=10: batch optimum of the first W decimated states (1 state = 1 s)
  ridge TL init over 29 s: |beta|max=64.2, residual rms 32.4 nT
W=   30 (    30 s)  err  6.4048e+03 ->  5.1134e+02   drms      27.4 m (ins    2.5)   |TL|max     52.4  S     28.1  [0s]
  ridge TL init over 99 s: |beta|max=70.7, residual rms 14.4 nT
W=  100 (   100 s)  err  7.7701e+03 ->  5.4016e+02   drms      70.3 m (ins    9.1)   |TL|max     64.5  S     20.9  [0s]
  ridge TL init over 199 s: |beta|max=69.4, residual rms 15.8 nT
W=  200 (   200 s)  err  7.5684e+03 ->  5.7134e+02   drms      14.0 m (ins   19.3)   |TL|max     68.8  S     12.1  [1s]
  ridge TL init over 299 s: |beta|max=70.2, residual rms 14.7 nT
W=  300 (   300 s)  err  7.7731e+03 ->  5.8702e+02   drms      12.4 m (ins   30.3)   |TL|max     73.0  S      6.9  [1s]
  ridge TL init over 399 s: |beta|max=68.9, residual rms 18.2 nT
W=  400 (   400 s)  err  7.7678e+03 ->  6.1474e+02   drms      24.0 m (ins   41.8)   |TL|max     78.7  S      3.9  [2s]
  ridge TL init over 499 s: |beta|max=70.8, residual rms 19.0 nT
W=  500 (   500 s)  err  8.1257e+03 ->  6.4916e+02   drms      19.7 m (ins   53.5)   |TL|max     89.7  S      2.3  [2s]
  ridge TL init over 599 s: |beta|max=73.9, residual rms 22.9 nT
W=  600 (   600 s)  err  9.6334e+03 ->  6.6243e+02   drms      24.1 m (ins   65.3)   |TL|max    103.8  S      1.4  [6s]
  ridge TL init over 899 s: |beta|max=141.4, residual rms 26.4 nT
W=  900 (   900 s)  err  2.7190e+04 ->  7.1787e+02   drms      22.0 m (ins  100.7)   |TL|max    182.5  S     -0.2  [6s]
########## 1006_08 ##########
mag4 K=10: batch optimum of the first W decimated states (1 state = 1 s)
  ridge TL init over 29 s: |beta|max=738.5, residual rms 371.6 nT
W=   30 (    30 s)  err  7.6496e+05 ->  7.9019e+03   drms      82.6 m (ins    5.0)   |TL|max     52.1  S    -27.9  [0s]
  ridge TL init over 99 s: |beta|max=810.3, residual rms 169.0 nT
W=  100 (   100 s)  err  9.4501e+05 ->  2.0520e+04   drms     863.7 m (ins   17.9)   |TL|max    590.4  S    -79.0  [1s]
  ridge TL init over 199 s: |beta|max=790.9, residual rms 140.3 nT
W=  200 (   200 s)  err  9.5658e+05 ->  2.2036e+04   drms     215.3 m (ins   37.1)   |TL|max    717.3  S    -51.6  [1s]
  ridge TL init over 299 s: |beta|max=721.6, residual rms 153.1 nT
W=  300 (   300 s)  err  9.8590e+05 ->  2.3485e+04   drms      47.3 m (ins   54.7)   |TL|max    740.9  S    -25.2  [1s]
  ridge TL init over 399 s: |beta|max=728.8, residual rms 150.8 nT
W=  400 (   400 s)  err  9.9361e+05 ->  2.4408e+04   drms     484.3 m (ins   71.2)   |TL|max    721.7  S    -14.3  [2s]
  ridge TL init over 499 s: |beta|max=729.5, residual rms 134.8 nT
W=  500 (   500 s)  err  1.0326e+06 ->  2.4632e+04   drms      43.0 m (ins   87.7)   |TL|max    779.7  S    -10.3  [3s]
  ridge TL init over 599 s: |beta|max=727.8, residual rms 136.2 nT
W=  600 (   600 s)  err  1.0227e+06 ->  2.5423e+04   drms      80.7 m (ins  103.7)   |TL|max    793.8  S     -5.6  [4s]
Traceback (most recent call last):
  File "/mnt/c/Users/cin64/Desktop/MagNav/research/gtsam_poc/diag_window1.py", line 200, in <module>
    main()
  File "/mnt/c/Users/cin64/Desktop/MagNav/research/gtsam_poc/diag_window1.py", line 172, in main
    gtsam.noiseModel.Gaussian.Covariance(QdK[s - 1]),
                                         ~~~^^^^^^^
IndexError: index 839 is out of bounds for axis 0 with size 839
mag5 K=10: batch optimum of the first W decimated states (1 state = 1 s)
  ridge TL init over 29 s: |beta|max=12.2, residual rms 39.8 nT
W=   30 (    30 s)  err  2.5329e+02 ->  7.1129e+01   drms      48.0 m (ins    5.0)   |TL|max      9.9  S      0.9  [0s]
  ridge TL init over 99 s: |beta|max=49.5, residual rms 53.6 nT
W=  100 (   100 s)  err  3.1342e+03 ->  2.4262e+02   drms     136.1 m (ins   17.9)   |TL|max     53.2  S      3.0  [0s]
  ridge TL init over 199 s: |beta|max=47.7, residual rms 45.9 nT
W=  200 (   200 s)  err  5.4584e+03 ->  3.6609e+02   drms     341.2 m (ins   37.1)   |TL|max     55.7  S      0.2  [1s]
  ridge TL init over 299 s: |beta|max=79.8, residual rms 45.9 nT
W=  300 (   300 s)  err  1.5362e+04 ->  5.4356e+02   drms      69.6 m (ins   54.7)   |TL|max    128.4  S      0.1  [1s]
  ridge TL init over 399 s: |beta|max=153.6, residual rms 45.5 nT
W=  400 (   400 s)  err  4.0035e+04 ->  6.4954e+02   drms     114.5 m (ins   71.2)   |TL|max    166.4  S      1.2  [1s]
  ridge TL init over 499 s: |beta|max=156.7, residual rms 41.2 nT
W=  500 (   500 s)  err  4.1280e+04 ->  7.4375e+02   drms      49.5 m (ins   87.7)   |TL|max    202.3  S     -0.7  [2s]
  ridge TL init over 599 s: |beta|max=160.1, residual rms 40.0 nT
W=  600 (   600 s)  err  4.2125e+04 ->  9.0661e+02   drms      36.4 m (ins  103.7)   |TL|max    180.7  S     -0.2  [3s]
Traceback (most recent call last):
  File "/mnt/c/Users/cin64/Desktop/MagNav/research/gtsam_poc/diag_window1.py", line 200, in <module>
    main()
  File "/mnt/c/Users/cin64/Desktop/MagNav/research/gtsam_poc/diag_window1.py", line 172, in main
    gtsam.noiseModel.Gaussian.Covariance(QdK[s - 1]),
                                         ~~~^^^^^^^
IndexError: index 839 is out of bounds for axis 0 with size 839
########## 1007_02 ##########
mag4 K=10: batch optimum of the first W decimated states (1 state = 1 s)
  ridge TL init over 29 s: |beta|max=537.5, residual rms 267.3 nT
W=   30 (    30 s)  err  4.3447e+05 ->  6.0367e+03   drms     135.8 m (ins    0.4)   |TL|max     52.1  S    -28.0  [0s]
  ridge TL init over 99 s: |beta|max=622.7, residual rms 107.2 nT
W=  100 (   100 s)  err  5.8071e+05 ->  1.3601e+04   drms    2352.8 m (ins    3.8)   |TL|max    466.6  S    -68.2  [0s]
  ridge TL init over 199 s: |beta|max=626.8, residual rms 79.9 nT
W=  200 (   200 s)  err  5.9687e+05 ->  1.4934e+04   drms    1696.6 m (ins    9.4)   |TL|max    646.5  S    -47.7  [1s]
  ridge TL init over 299 s: |beta|max=626.9, residual rms 66.7 nT
W=  300 (   300 s)  err  5.9821e+05 ->  1.5333e+04   drms     351.3 m (ins   15.1)   |TL|max    606.1  S    -26.5  [2s]
  ridge TL init over 399 s: |beta|max=622.9, residual rms 67.7 nT
W=  400 (   400 s)  err  5.9412e+05 ->  1.5378e+04   drms     322.5 m (ins   20.8)   |TL|max    590.6  S    -14.7  [6s]
  ridge TL init over 499 s: |beta|max=629.3, residual rms 66.2 nT
W=  500 (   500 s)  err  6.1859e+05 ->  1.5566e+04   drms     256.1 m (ins   26.7)   |TL|max    640.3  S     -9.7  [3s]
  ridge TL init over 599 s: |beta|max=699.2, residual rms 56.8 nT
W=  600 (   600 s)  err  7.3887e+05 ->  1.5701e+04   drms     284.2 m (ins   33.4)   |TL|max    716.7  S     -6.9  [4s]
  ridge TL init over 899 s: |beta|max=688.7, residual rms 50.1 nT
W=  900 (   900 s)  err  7.4936e+05 ->  1.5827e+04   drms     258.4 m (ins   56.5)   |TL|max    733.0  S     -2.3  [9s]
mag5 K=10: batch optimum of the first W decimated states (1 state = 1 s)
  ridge TL init over 29 s: |beta|max=9.0, residual rms 12.0 nT
W=   30 (    30 s)  err  1.4262e+02 ->  3.0051e+01   drms      13.4 m (ins    0.4)   |TL|max      4.6  S      8.8  [0s]
  ridge TL init over 99 s: |beta|max=11.9, residual rms 12.0 nT
W=  100 (   100 s)  err  2.4909e+02 ->  3.9788e+01   drms      15.1 m (ins    3.8)   |TL|max     12.9  S      6.3  [0s]
  ridge TL init over 199 s: |beta|max=11.3, residual rms 12.8 nT
W=  200 (   200 s)  err  3.0744e+02 ->  6.2495e+01   drms      32.4 m (ins    9.4)   |TL|max     19.1  S      3.3  [0s]
  ridge TL init over 299 s: |beta|max=9.6, residual rms 12.2 nT
W=  300 (   300 s)  err  3.5742e+02 ->  7.4119e+01   drms      33.5 m (ins   15.1)   |TL|max     17.3  S      1.9  [0s]
  ridge TL init over 399 s: |beta|max=9.6, residual rms 11.0 nT
W=  400 (   400 s)  err  3.6656e+02 ->  8.1451e+01   drms      43.6 m (ins   20.8)   |TL|max     17.2  S      1.1  [1s]
  ridge TL init over 499 s: |beta|max=10.7, residual rms 10.9 nT
W=  500 (   500 s)  err  3.7502e+02 ->  1.0119e+02   drms      34.4 m (ins   26.7)   |TL|max     30.6  S      0.6  [1s]
  ridge TL init over 599 s: |beta|max=100.0, residual rms 24.7 nT
W=  600 (   600 s)  err  1.3429e+04 ->  1.6089e+02   drms      59.8 m (ins   33.4)   |TL|max    118.0  S      1.6  [2s]
  ridge TL init over 899 s: |beta|max=157.0, residual rms 24.9 nT
W=  900 (   900 s)  err  3.1260e+04 ->  2.2414e+02   drms      34.0 m (ins   56.5)   |TL|max    154.6  S     -0.1  [3s]
########## 1007_06 ##########
mag4 K=10: batch optimum of the first W decimated states (1 state = 1 s)
  ridge TL init over 29 s: |beta|max=476.5, residual rms 237.5 nT
W=   30 (    30 s)  err  3.5210e+05 ->  5.4944e+03   drms      25.9 m (ins    1.4)   |TL|max     52.1  S    -28.0  [0s]
  ridge TL init over 99 s: |beta|max=527.9, residual rms 82.3 nT
W=  100 (   100 s)  err  4.3187e+05 ->  1.2017e+04   drms     660.9 m (ins    5.6)   |TL|max    512.1  S    -72.8  [0s]
  ridge TL init over 199 s: |beta|max=546.1, residual rms 58.1 nT
W=  200 (   200 s)  err  4.6263e+05 ->  1.2225e+04   drms    1661.9 m (ins   11.8)   |TL|max    554.2  S    -43.3  [1s]
  ridge TL init over 299 s: |beta|max=552.4, residual rms 65.2 nT
W=  300 (   300 s)  err  4.7189e+05 ->  1.2600e+04   drms      57.3 m (ins   18.6)   |TL|max    543.0  S    -24.2  [2s]
  ridge TL init over 399 s: |beta|max=552.0, residual rms 59.0 nT
W=  400 (   400 s)  err  4.7426e+05 ->  1.2775e+04   drms      79.6 m (ins   25.3)   |TL|max    582.6  S    -14.2  [6s]
  ridge TL init over 499 s: |beta|max=551.9, residual rms 61.0 nT
W=  500 (   500 s)  err  4.8347e+05 ->  1.2966e+04   drms      55.6 m (ins   32.2)   |TL|max    613.5  S     -8.3  [3s]
  ridge TL init over 599 s: |beta|max=548.4, residual rms 57.3 nT
W=  600 (   600 s)  err  4.8617e+05 ->  1.3010e+04   drms      48.5 m (ins   39.0)   |TL|max    616.7  S     -4.3  [5s]
  ridge TL init over 899 s: |beta|max=552.7, residual rms 52.9 nT
W=  900 (   900 s)  err  4.9325e+05 ->  1.3195e+04   drms      27.3 m (ins   57.9)   |TL|max    661.0  S     -0.7  [9s]
mag5 K=10: batch optimum of the first W decimated states (1 state = 1 s)
  ridge TL init over 29 s: |beta|max=89.1, residual rms 44.2 nT
W=   30 (    30 s)  err  1.2420e+04 ->  8.1637e+02   drms      22.7 m (ins    1.4)   |TL|max     52.2  S     28.0  [0s]
  ridge TL init over 99 s: |beta|max=99.8, residual rms 16.0 nT
W=  100 (   100 s)  err  1.5466e+04 ->  8.9702e+02   drms      77.9 m (ins    5.6)   |TL|max     94.5  S     25.7  [0s]
  ridge TL init over 199 s: |beta|max=101.1, residual rms 10.8 nT
W=  200 (   200 s)  err  1.5883e+04 ->  9.0787e+02   drms      89.6 m (ins   11.8)   |TL|max     93.3  S     14.7  [1s]
  ridge TL init over 299 s: |beta|max=100.0, residual rms 12.9 nT
W=  300 (   300 s)  err  1.5704e+04 ->  9.2637e+02   drms      20.4 m (ins   18.6)   |TL|max    100.7  S      8.8  [1s]
  ridge TL init over 399 s: |beta|max=100.2, residual rms 12.6 nT
W=  400 (   400 s)  err  1.5840e+04 ->  9.4789e+02   drms      16.9 m (ins   25.3)   |TL|max    100.6  S      5.1  [2s]
  ridge TL init over 499 s: |beta|max=96.2, residual rms 18.8 nT
W=  500 (   500 s)  err  1.6986e+04 ->  9.6049e+02   drms      18.9 m (ins   32.2)   |TL|max     89.3  S      2.4  [3s]
  ridge TL init over 599 s: |beta|max=93.6, residual rms 19.8 nT
W=  600 (   600 s)  err  1.8896e+04 ->  9.7011e+02   drms      18.6 m (ins   39.0)   |TL|max    105.0  S      1.5  [3s]
  ridge TL init over 899 s: |beta|max=91.4, residual rms 19.8 nT
W=  900 (   900 s)  err  2.0653e+04 ->  1.0190e+03   drms      11.5 m (ins   57.9)   |TL|max    149.4  S      0.3  [10s]
KNEE_RIDGE_CAUSAL_DONE
