/tmp/line_1007_06_full.h5  mag 5  N=6000  dt=0.1  lag=300s  K=10

-- 1. the noise the data shows ------------------------------------
  meas - map(truth)                     31.40 nT
  after a static 19-dof TL fit           4.40 nT   <- honest sigma
    rho(  1s)  +0.871
    rho(  5s)  +0.538
    rho( 30s)  +0.235
    rho( 60s)  +0.030
  fitted FOGM tau                        34.8 s
  white floor (sample differences)       0.24 nT
  model in use: sqrt(R) 12.0 nT, FOGM (sigma 3.0 nT, tau 180 s)

-- 2. the bound that implies --------------------------------------
  sigma   1.00 nT : mu^-1/2 =    1.69 m (IQR 1.3-1.8)
  sigma   4.40 nT : mu^-1/2 =    7.42 m (IQR 5.8-7.8)  <- measured
  sigma  12.00 nT : mu^-1/2 =   20.24 m (IQR 15.7-21.3)  <- assumed

-- 3. achieved against the bound ----------------------------------
  smoothed  DRMS (warm=300s)     7.88 m    1.06x the measured-sigma bound
  causal    DRMS (warm=300s)    15.49 m    2.09x the measured-sigma bound

  near 1.0 means the case is information-limited and no modelling
  change will help; well above 1.0 is where work remains.
AUDIT mag=5 sigma=4.40 tau=34.8 bound=7.42 smoothed=7.88 causal=15.49 ratio_s=1.06 ratio_c=2.09
