This is pdfTeX, Version 3.141592653-2.6-1.40.28 (MiKTeX 25.12) (preloaded format=pdflatex 2026.4.29)  25 JUL 2026 13:39
entering extended mode
 restricted \write18 enabled.
 %&-line parsing enabled.
**./taes_fgo_magnav.tex
(taes_fgo_magnav.tex
LaTeX2e <2025-11-01>
L3 programming layer <2025-12-24>
(IEEEtaes.cls

LaTeX Warning: You have requested document class `IEEEtaes',
               but the document class provides `IEEEphot'.

Document Class: IEEEphot 2009/06/23 V1.2
-- See the "IEEEphot_HOWTO" manual for usage information.
\@IEEEtrantmpdimenA=\dimen148
\@IEEEtrantmpdimenB=\dimen149
\@IEEEtrantmpcountA=\count275
\@IEEEtrantmpcountB=\count276
\@IEEEtrantmptoksA=\toks17
LaTeX Font Info:    Trying to load font information for OT1+ptm on input line 3
84.
(C:\Users\cin64\AppData\Local\Programs\MiKTeX\tex/latex/psnfss\ot1ptm.fd
File: ot1ptm.fd 2001/06/04 font definitions for OT1/ptm.
)
-- Using 8.25in x 10.75in (IEEE Photonics PaperSize) paper.
-- Using PDF output.
\@IEEEnormalsizeunitybaselineskip=\dimen150
-- This is a 10 point document.
LaTeX Encoding Info:    Redeclaring text command \textunderscore (encoding ?) o
n input line 604.
\CLASSINFOnormalsizebaselineskip=\dimen151
\CLASSINFOnormalsizeunitybaselineskip=\dimen152
\IEEEnormaljot=\dimen153
LaTeX Font Info:    Font shape `OT1/ptm/bx/n' in size <5> not available
(Font)              Font shape `OT1/ptm/b/n' tried instead on input line 742.
LaTeX Font Info:    Font shape `OT1/ptm/bx/it' in size <5> not available
(Font)              Font shape `OT1/ptm/b/it' tried instead on input line 742.
LaTeX Font Info:    Font shape `OT1/ptm/bx/n' in size <7> not available
(Font)              Font shape `OT1/ptm/b/n' tried instead on input line 742.
LaTeX Font Info:    Font shape `OT1/ptm/bx/it' in size <7> not available
(Font)              Font shape `OT1/ptm/b/it' tried instead on input line 742.
LaTeX Font Info:    Font shape `OT1/ptm/bx/n' in size <8.25> not available
(Font)              Font shape `OT1/ptm/b/n' tried instead on input line 742.
LaTeX Font Info:    Font shape `OT1/ptm/bx/it' in size <8.25> not available
(Font)              Font shape `OT1/ptm/b/it' tried instead on input line 742.
LaTeX Font Info:    Font shape `OT1/ptm/bx/n' in size <8> not available
(Font)              Font shape `OT1/ptm/b/n' tried instead on input line 742.
LaTeX Font Info:    Font shape `OT1/ptm/bx/it' in size <8> not available
(Font)              Font shape `OT1/ptm/b/it' tried instead on input line 742.
LaTeX Font Info:    Font shape `OT1/ptm/bx/n' in size <10.28844> not available
(Font)              Font shape `OT1/ptm/b/n' tried instead on input line 742.
LaTeX Font Info:    Font shape `OT1/ptm/bx/it' in size <10.28844> not available

(Font)              Font shape `OT1/ptm/b/it' tried instead on input line 742.
LaTeX Font Info:    Font shape `OT1/ptm/bx/n' in size <10> not available
(Font)              Font shape `OT1/ptm/b/n' tried instead on input line 742.
LaTeX Font Info:    Font shape `OT1/ptm/bx/it' in size <10> not available
(Font)              Font shape `OT1/ptm/b/it' tried instead on input line 742.
LaTeX Font Info:    Font shape `OT1/ptm/bx/n' in size <12> not available
(Font)              Font shape `OT1/ptm/b/n' tried instead on input line 742.
LaTeX Font Info:    Font shape `OT1/ptm/bx/it' in size <12> not available
(Font)              Font shape `OT1/ptm/b/it' tried instead on input line 742.
LaTeX Font Info:    Font shape `OT1/ptm/bx/n' in size <17> not available
(Font)              Font shape `OT1/ptm/b/n' tried instead on input line 742.
LaTeX Font Info:    Font shape `OT1/ptm/bx/it' in size <17> not available
(Font)              Font shape `OT1/ptm/b/it' tried instead on input line 742.
LaTeX Font Info:    Font shape `OT1/ptm/bx/n' in size <20> not available
(Font)              Font shape `OT1/ptm/b/n' tried instead on input line 742.
LaTeX Font Info:    Font shape `OT1/ptm/bx/it' in size <20> not available
(Font)              Font shape `OT1/ptm/b/it' tried instead on input line 742.
LaTeX Font Info:    Font shape `OT1/ptm/bx/n' in size <18> not available
(Font)              Font shape `OT1/ptm/b/n' tried instead on input line 742.
LaTeX Font Info:    Font shape `OT1/ptm/bx/it' in size <18> not available
(Font)              Font shape `OT1/ptm/b/it' tried instead on input line 742.
\IEEEilabelindentA=\dimen154
\IEEEilabelindentB=\dimen155
\IEEEilabelindent=\dimen156
\IEEEelabelindent=\dimen157
\IEEEdlabelindent=\dimen158
\IEEElabelindent=\dimen159
\IEEEiednormlabelsep=\dimen160
\IEEEiedmathlabelsep=\dimen161
\IEEEiedtopsep=\skip49
\c@section=\count277
\c@subsection=\count278
\c@subsubsection=\count279
\c@paragraph=\count280
\c@IEEEsubequation=\count281
\abovecaptionskip=\skip50
\belowcaptionskip=\skip51
\c@figure=\count282
\marginfigbox=\box53
\c@table=\count283
\margintabbox=\box54
\@IEEEeqnnumcols=\count284
\@IEEEeqncolcnt=\count285
\@AffLeftSkip=\skip52
(C:\Users\cin64\AppData\Local\Programs\MiKTeX\tex/latex/graphics\color.sty
Package: color 2025/01/14 v1.3e Standard LaTeX Color (DPC)

(C:\Users\cin64\AppData\Local\Programs\MiKTeX\tex/latex/graphics-cfg\color.cfg
File: color.cfg 2016/01/02 v1.6 sample color configuration
)
Package color Info: Driver file: pdftex.def on input line 149.

(C:\Users\cin64\AppData\Local\Programs\MiKTeX\tex/latex/graphics-def\pdftex.def
File: pdftex.def 2025/09/29 v1.2d Graphics/color driver for pdftex
)
(C:\Users\cin64\AppData\Local\Programs\MiKTeX\tex/latex/graphics\mathcolor.ltx)
) (C:\Users\cin64\AppData\Local\Programs\MiKTeX\tex/generic/iftex\ifpdf.sty
Package: ifpdf 2019/10/25 v3.4 ifpdf legacy package. Use iftex instead.

(C:\Users\cin64\AppData\Local\Programs\MiKTeX\tex/generic/iftex\iftex.sty
Package: iftex 2024/12/12 v1.0g TeX engine tests
))
Package color Info: Redefining color white on input line 3368.
\tempbox=\box55
\abstractbox=\box56
\keybox=\box57
\@IEEEtmpitemindent=\dimen162
\c@IEEEbiography=\count286
\@IEEEtranrubishbin=\box58
\footheight=\dimen163
\typeheight=\dimen164
\typewidth=\dimen165
\authorcount=\count287
\chkaucount=\count288
\tempcount=\count289

(C:\Users\cin64\AppData\Local\Programs\MiKTeX\tex/latex/wrapfig\wrapfig.sty
\wrapoverhang=\dimen166
\WF@size=\dimen167
\c@WF@wrappedlines=\count290
\WF@box=\box59
\WF@everypar=\toks18
Package: wrapfig 2003/01/31  v 3.6
)
(C:\Users\cin64\AppData\Local\Programs\MiKTeX\tex/latex/tools\array.sty
Package: array 2025/09/25 v2.6n Tabular extension package (FMi)
\col@sep=\dimen168
\ar@mcellbox=\box60
\extrarowheight=\dimen169
\NC@list=\toks19
\extratabsurround=\skip53
\backup@length=\skip54
\ar@cellbox=\box61
)
\quotebox=\box62
\quoteskp=\skip55
\sdquoteskp=\skip56
\quotecnt=\count291
\@partialpageht=\dimen170
\store@outputbox=\box63
\storedboxheight=\dimen171

(C:\Users\cin64\AppData\Local\Programs\MiKTeX\tex/latex/hyperref\hyperref.sty
Package: hyperref 2025-07-12 v7.01o Hypertext links for LaTeX

(C:\Users\cin64\AppData\Local\Programs\MiKTeX\tex/latex/graphics\keyval.sty
Package: keyval 2022/05/29 v1.15 key=value parser (DPC)
\KV@toks@=\toks20
)
(C:\Users\cin64\AppData\Local\Programs\MiKTeX\tex/latex/kvsetkeys\kvsetkeys.sty
Package: kvsetkeys 2022-10-05 v1.19 Key value parser (HO)
)
(C:\Users\cin64\AppData\Local\Programs\MiKTeX\tex/generic/kvdefinekeys\kvdefine
keys.sty
Package: kvdefinekeys 2019-12-19 v1.6 Define keys (HO)
)
(C:\Users\cin64\AppData\Local\Programs\MiKTeX\tex/generic/pdfescape\pdfescape.s
ty
Package: pdfescape 2019/12/09 v1.15 Implements pdfTeX's escape features (HO)

(C:\Users\cin64\AppData\Local\Programs\MiKTeX\tex/generic/ltxcmds\ltxcmds.sty
Package: ltxcmds 2023-12-04 v1.26 LaTeX kernel commands for general use (HO)
)
(C:\Users\cin64\AppData\Local\Programs\MiKTeX\tex/generic/pdftexcmds\pdftexcmds
.sty
Package: pdftexcmds 2020-06-27 v0.33 Utility functions of pdfTeX for LuaTeX (HO
)

(C:\Users\cin64\AppData\Local\Programs\MiKTeX\tex/generic/infwarerr\infwarerr.s
ty
Package: infwarerr 2019/12/03 v1.5 Providing info/warning/error messages (HO)
)
Package pdftexcmds Info: \pdf@primitive is available.
Package pdftexcmds Info: \pdf@ifprimitive is available.
Package pdftexcmds Info: \pdfdraftmode found.
))
(C:\Users\cin64\AppData\Local\Programs\MiKTeX\tex/latex/hycolor\hycolor.sty
Package: hycolor 2020-01-27 v1.10 Color options for hyperref/bookmark (HO)
)
(C:\Users\cin64\AppData\Local\Programs\MiKTeX\tex/latex/hyperref\nameref.sty
Package: nameref 2025-06-21 v2.57 Cross-referencing by name of section

(C:\Users\cin64\AppData\Local\Programs\MiKTeX\tex/latex/refcount\refcount.sty
Package: refcount 2019/12/15 v3.6 Data extraction from label references (HO)
)
(C:\Users\cin64\AppData\Local\Programs\MiKTeX\tex/generic/gettitlestring\gettit
lestring.sty
Package: gettitlestring 2019/12/15 v1.6 Cleanup title references (HO)

(C:\Users\cin64\AppData\Local\Programs\MiKTeX\tex/latex/kvoptions\kvoptions.sty
Package: kvoptions 2022-06-15 v3.15 Key value format for package options (HO)
))
\c@section@level=\count292
)
(C:\Users\cin64\AppData\Local\Programs\MiKTeX\tex/latex/etoolbox\etoolbox.sty
Package: etoolbox 2025/10/02 v2.5m e-TeX tools for LaTeX (JAW)
\etb@tempcnta=\count293
)
(C:\Users\cin64\AppData\Local\Programs\MiKTeX\tex/generic/stringenc\stringenc.s
ty
Package: stringenc 2019/11/29 v1.12 Convert strings between diff. encodings (HO
)
)
\@linkdim=\dimen172
\Hy@linkcounter=\count294
\Hy@pagecounter=\count295
 (C:\Users\cin64\AppData\Local\Programs\MiKTeX\tex/latex/hyperref\pd1enc.def
File: pd1enc.def 2025-07-12 v7.01o Hyperref: PDFDocEncoding definition (HO)
Now handling font encoding PD1 ...
... no UTF-8 mapping file for font encoding PD1
) (C:\Users\cin64\AppData\Local\Programs\MiKTeX\tex/generic/intcalc\intcalc.sty
Package: intcalc 2019/12/15 v1.3 Expandable calculations with integers (HO)
)
\Hy@SavedSpaceFactor=\count296
 (C:\Users\cin64\AppData\Local\Programs\MiKTeX\tex/latex/hyperref\puenc.def
File: puenc.def 2025-07-12 v7.01o Hyperref: PDF Unicode definition (HO)
Now handling font encoding PU ...
... no UTF-8 mapping file for font encoding PU
)
Package hyperref Info: Option `colorlinks' set `true' on input line 4066.
Package hyperref Info: Option `breaklinks' set `true' on input line 4066.
Package hyperref Info: Hyper figures OFF on input line 4195.
Package hyperref Info: Link nesting OFF on input line 4200.
Package hyperref Info: Hyper index ON on input line 4203.
Package hyperref Info: Plain pages OFF on input line 4210.
Package hyperref Info: Backreferencing OFF on input line 4215.
Package hyperref Info: Implicit mode ON; LaTeX internals redefined.
Package hyperref Info: Bookmarks ON on input line 4462.
\c@Hy@tempcnt=\count297

(C:\Users\cin64\AppData\Local\Programs\MiKTeX\tex/latex/url\url.sty
\Urlmuskip=\muskip17
Package: url 2013/09/16  ver 3.4  Verb mode for urls, etc.
)
LaTeX Info: Redefining \url on input line 4801.
\XeTeXLinkMargin=\dimen173

(C:\Users\cin64\AppData\Local\Programs\MiKTeX\tex/generic/bitset\bitset.sty
Package: bitset 2019/12/09 v1.3 Handle bit-vector datatype (HO)

(C:\Users\cin64\AppData\Local\Programs\MiKTeX\tex/generic/bigintcalc\bigintcalc
.sty
Package: bigintcalc 2019/12/15 v1.5 Expandable calculations on big integers (HO
)
))
\Fld@menulength=\count298
\Field@Width=\dimen174
\Fld@charsize=\dimen175
Package hyperref Info: Hyper figures OFF on input line 6078.
Package hyperref Info: Link nesting OFF on input line 6083.
Package hyperref Info: Hyper index ON on input line 6086.
Package hyperref Info: backreferencing OFF on input line 6093.
Package hyperref Info: Link coloring ON on input line 6096.
Package hyperref Info: Link coloring with OCG OFF on input line 6103.
Package hyperref Info: PDF/A mode OFF on input line 6108.
\Hy@abspage=\count299
\c@Item=\count300
\c@Hfootnote=\count301
)
Package hyperref Info: Driver (autodetected): hpdftex.

(C:\Users\cin64\AppData\Local\Programs\MiKTeX\tex/latex/hyperref\hpdftex.def
File: hpdftex.def 2025-07-12 v7.01o Hyperref driver for pdfTeX
\Fld@listcount=\count302
\c@bookmark@seq@number=\count303

(C:\Users\cin64\AppData\Local\Programs\MiKTeX\tex/latex/rerunfilecheck\rerunfil
echeck.sty
Package: rerunfilecheck 2025-06-21 v1.11 Rerun checks for auxiliary files (HO)

(C:\Users\cin64\AppData\Local\Programs\MiKTeX\tex/generic/uniquecounter\uniquec
ounter.sty
Package: uniquecounter 2019/12/15 v1.4 Provide unlimited unique counter (HO)
)
Package uniquecounter Info: New unique counter `rerunfilecheck' on input line 2
84.
)
\Hy@SectionHShift=\skip57
))
(C:\Users\cin64\AppData\Local\Programs\MiKTeX\tex/latex/amsmath\amsmath.sty
Package: amsmath 2025/07/09 v2.17z AMS math features
\@mathmargin=\skip58

For additional information on amsmath, use the `?' option.
(C:\Users\cin64\AppData\Local\Programs\MiKTeX\tex/latex/amsmath\amstext.sty
Package: amstext 2024/11/17 v2.01 AMS text

(C:\Users\cin64\AppData\Local\Programs\MiKTeX\tex/latex/amsmath\amsgen.sty
File: amsgen.sty 1999/11/30 v2.0 generic functions
\@emptytoks=\toks21
\ex@=\dimen176
))
(C:\Users\cin64\AppData\Local\Programs\MiKTeX\tex/latex/amsmath\amsbsy.sty
Package: amsbsy 1999/11/29 v1.2d Bold Symbols
\pmbraise@=\dimen177
)
(C:\Users\cin64\AppData\Local\Programs\MiKTeX\tex/latex/amsmath\amsopn.sty
Package: amsopn 2022/04/08 v2.04 operator names
)
\inf@bad=\count304
LaTeX Info: Redefining \frac on input line 233.
\uproot@=\count305
\leftroot@=\count306
LaTeX Info: Redefining \overline on input line 398.
LaTeX Info: Redefining \colon on input line 409.
\classnum@=\count307
\DOTSCASE@=\count308
LaTeX Info: Redefining \ldots on input line 495.
LaTeX Info: Redefining \dots on input line 498.
LaTeX Info: Redefining \cdots on input line 619.
\Mathstrutbox@=\box64
\strutbox@=\box65
LaTeX Info: Redefining \big on input line 721.
LaTeX Info: Redefining \Big on input line 722.
LaTeX Info: Redefining \bigg on input line 723.
LaTeX Info: Redefining \Bigg on input line 724.
\big@size=\dimen178
LaTeX Font Info:    Redeclaring font encoding OML on input line 742.
LaTeX Font Info:    Redeclaring font encoding OMS on input line 743.
\macc@depth=\count309
LaTeX Info: Redefining \bmod on input line 904.
LaTeX Info: Redefining \pmod on input line 909.
LaTeX Info: Redefining \smash on input line 939.
LaTeX Info: Redefining \relbar on input line 969.
LaTeX Info: Redefining \Relbar on input line 970.
\c@MaxMatrixCols=\count310
\dotsspace@=\muskip18
\c@parentequation=\count311
\dspbrk@lvl=\count312
\tag@help=\toks22
\row@=\count313
\column@=\count314
\maxfields@=\count315
\andhelp@=\toks23
\eqnshift@=\dimen179
\alignsep@=\dimen180
\tagshift@=\dimen181
\tagwidth@=\dimen182
\totwidth@=\dimen183
\lineht@=\dimen184
\@envbody=\toks24
\multlinegap=\skip59
\multlinetaggap=\skip60
\mathdisplay@stack=\toks25
LaTeX Info: Redefining \[ on input line 2950.
LaTeX Info: Redefining \] on input line 2951.
)
(C:\Users\cin64\AppData\Local\Programs\MiKTeX\tex/latex/amsfonts\amssymb.sty
Package: amssymb 2013/01/14 v3.01 AMS font symbols

(C:\Users\cin64\AppData\Local\Programs\MiKTeX\tex/latex/amsfonts\amsfonts.sty
Package: amsfonts 2013/01/14 v3.01 Basic AMSFonts support
\symAMSa=\mathgroup4
\symAMSb=\mathgroup5
LaTeX Font Info:    Redeclaring math symbol \hbar on input line 98.
LaTeX Font Info:    Overwriting math alphabet `\mathfrak' in version `bold'
(Font)                  U/euf/m/n --> U/euf/b/n on input line 106.
)) (C:\Users\cin64\AppData\Local\Programs\MiKTeX\tex/latex/graphics\graphicx.st
y
Package: graphicx 2024/12/31 v1.2e Enhanced LaTeX Graphics (DPC,SPQR)

(C:\Users\cin64\AppData\Local\Programs\MiKTeX\tex/latex/graphics\graphics.sty
Package: graphics 2024/08/06 v1.4g Standard LaTeX Graphics (DPC,SPQR)

(C:\Users\cin64\AppData\Local\Programs\MiKTeX\tex/latex/graphics\trig.sty
Package: trig 2023/12/02 v1.11 sin cos tan (DPC)
)
(C:\Users\cin64\AppData\Local\Programs\MiKTeX\tex/latex/graphics-cfg\graphics.c
fg
File: graphics.cfg 2016/06/04 v1.11 sample graphics configuration
)
Package graphics Info: Driver file: pdftex.def on input line 106.
)
\Gin@req@height=\dimen185
\Gin@req@width=\dimen186
)
(C:\Users\cin64\AppData\Local\Programs\MiKTeX\tex/latex/booktabs\booktabs.sty
Package: booktabs 2020/01/12 v1.61803398 Publication quality tables
\heavyrulewidth=\dimen187
\lightrulewidth=\dimen188
\cmidrulewidth=\dimen189
\belowrulesep=\dimen190
\belowbottomsep=\dimen191
\aboverulesep=\dimen192
\abovetopsep=\dimen193
\cmidrulesep=\dimen194
\cmidrulekern=\dimen195
\defaultaddspace=\dimen196
\@cmidla=\count316
\@cmidlb=\count317
\@aboverulesep=\dimen197
\@belowrulesep=\dimen198
\@thisruleclass=\count318
\@lastruleclass=\count319
\@thisrulewidth=\dimen199
)
(C:\Users\cin64\AppData\Local\Programs\MiKTeX\tex/latex/siunitx\siunitx.sty
Package: siunitx 2026-03-26 v3.5.1 A comprehensive (SI) units package
\l__siunitx_number_uncert_offset_int=\count320
\l__siunitx_number_exponent_fixed_int=\count321
\l__siunitx_number_min_decimal_int=\count322
\l__siunitx_number_min_integer_int=\count323
\l__siunitx_number_round_precision_int=\count324
\l__siunitx_number_lower_threshold_int=\count325
\l__siunitx_number_upper_threshold_int=\count326
\l__siunitx_number_group_first_int=\count327
\l__siunitx_number_group_size_int=\count328
\l__siunitx_number_group_min_int=\count329
\l__siunitx_number_group_minimum_int=\count330
\l__siunitx_compound_count_int=\count331

(C:\Users\cin64\AppData\Local\Programs\MiKTeX\tex/latex/translations\translatio
ns.sty
Package: translations 2022/02/05 v1.12 internationalization of LaTeX2e packages
 (CN)
)
\l__siunitx_table_tmp_box=\box66
\l__siunitx_table_tmp_dim=\dimen256
\l__siunitx_table_column_width_dim=\dimen257
\l__siunitx_table_integer_box=\box67
\l__siunitx_table_decimal_box=\box68
\l__siunitx_table_uncert_box=\box69
\l__siunitx_table_before_box=\box70
\l__siunitx_table_after_box=\box71
\l__siunitx_table_before_dim=\dimen258
\l__siunitx_table_carry_dim=\dimen259
\l__siunitx_unit_tmp_int=\count332
\l__siunitx_unit_position_int=\count333
\l__siunitx_unit_total_int=\count334
\l__siunitx_sexagesimal_tmp_dim=\dimen260
\l__siunitx_sexagesimal_marker_box=\box72
\l__siunitx_sexagesimal_unit_box=\box73
)
(C:\Users\cin64\AppData\Local\Programs\MiKTeX\tex/latex/algorithms\algorithm.st
y
Package: algorithm 2009/08/24 v0.1 Document Style `algorithm' - floating enviro
nment
 (C:\Users\cin64\AppData\Local\Programs\MiKTeX\tex/latex/float\float.sty
Package: float 2001/11/08 v1.3d Float enhancements (AL)
\c@float@type=\count335
\float@exts=\toks26
\float@box=\box74
\@float@everytoks=\toks27
\@floatcapt=\box75
)
(C:\Users\cin64\AppData\Local\Programs\MiKTeX\tex/latex/base\ifthen.sty
Package: ifthen 2024/03/16 v1.1e Standard LaTeX ifthen package (DPC)
)
\@float@every@algorithm=\toks28
\c@algorithm=\count336
)
(C:\Users\cin64\AppData\Local\Programs\MiKTeX\tex/latex/algorithmicx\algpseudoc
ode.sty
Package: algpseudocode 

(C:\Users\cin64\AppData\Local\Programs\MiKTeX\tex/latex/algorithmicx\algorithmi
cx.sty
Package: algorithmicx 2005/04/27 v1.2 Algorithmicx

Document Style algorithmicx 1.2 - a greatly improved `algorithmic' style
\c@ALG@line=\count337
\c@ALG@rem=\count338
\c@ALG@nested=\count339
\ALG@tlm=\skip61
\ALG@thistlm=\skip62
\c@ALG@Lnr=\count340
\c@ALG@blocknr=\count341
\c@ALG@storecount=\count342
\c@ALG@tmpcounter=\count343
\ALG@tmplength=\skip63
)
Document Style - pseudocode environments for use with the `algorithmicx' style
) (C:\Users\cin64\AppData\Local\Programs\MiKTeX\tex/latex/psnfss\pifont.sty
Package: pifont 2020/03/25 PSNFSS-v9.3 Pi font support (SPQR) 
LaTeX Font Info:    Trying to load font information for U+pzd on input line 63.


(C:\Users\cin64\AppData\Local\Programs\MiKTeX\tex/latex/psnfss\upzd.fd
File: upzd.fd 2001/06/04 font definitions for U/pzd.
)
LaTeX Font Info:    Trying to load font information for U+psy on input line 64.


(C:\Users\cin64\AppData\Local\Programs\MiKTeX\tex/latex/psnfss\upsy.fd
File: upsy.fd 2001/06/04 font definitions for U/psy.
))
\c@proposition=\count344
\c@corollary=\count345
\c@lemma=\count346
\c@definition=\count347
\c@assumption=\count348
\c@remark=\count349
\c@problem=\count350
Package translations Info: No language package found. I am going to use `englis
h' as default language. on input line 32.

(C:\Users\cin64\AppData\Local\Programs\MiKTeX\tex/latex/l3backend\l3backend-pdf
tex.def
File: l3backend-pdftex.def 2025-10-09 L3 backend support: PDF output (pdfTeX)
\l__color_backend_stack_int=\count351
) (taes_fgo_magnav.aux)
\openout1 = `taes_fgo_magnav.aux'.

LaTeX Font Info:    Checking defaults for OML/cmm/m/it on input line 32.
LaTeX Font Info:    ... okay on input line 32.
LaTeX Font Info:    Checking defaults for OMS/cmsy/m/n on input line 32.
LaTeX Font Info:    ... okay on input line 32.
LaTeX Font Info:    Checking defaults for OT1/cmr/m/n on input line 32.
LaTeX Font Info:    ... okay on input line 32.
LaTeX Font Info:    Checking defaults for T1/cmr/m/n on input line 32.
LaTeX Font Info:    ... okay on input line 32.
LaTeX Font Info:    Checking defaults for TS1/cmr/m/n on input line 32.
LaTeX Font Info:    ... okay on input line 32.
LaTeX Font Info:    Checking defaults for OMX/cmex/m/n on input line 32.
LaTeX Font Info:    ... okay on input line 32.
LaTeX Font Info:    Checking defaults for U/cmr/m/n on input line 32.
LaTeX Font Info:    ... okay on input line 32.
LaTeX Font Info:    Checking defaults for PD1/pdf/m/n on input line 32.
LaTeX Font Info:    ... okay on input line 32.
LaTeX Font Info:    Checking defaults for PU/pdf/m/n on input line 32.
LaTeX Font Info:    ... okay on input line 32.

(C:\Users\cin64\AppData\Local\Programs\MiKTeX\tex/context/base/mkii\supp-pdf.mk
ii
[Loading MPS to PDF converter (version 2006.09.02).]
\scratchcounter=\count352
\scratchdimen=\dimen261
\scratchbox=\box76
\nofMPsegments=\count353
\nofMParguments=\count354
\everyMPshowfont=\toks29
\MPscratchCnt=\count355
\MPscratchDim=\dimen262
\MPnumerator=\count356
\makeMPintoPDFobject=\count357
\everyMPtoPDFconversion=\toks30
)
(C:\Users\cin64\AppData\Local\Programs\MiKTeX\tex/latex/epstopdf-pkg\epstopdf-b
ase.sty
Package: epstopdf-base 2020-01-24 v2.11 Base part for package epstopdf
Package epstopdf-base Info: Redefining graphics rule for `.eps' on input line 4
85.

(C:\Users\cin64\AppData\Local\Programs\MiKTeX\tex/latex/00miktex\epstopdf-sys.c
fg
File: epstopdf-sys.cfg 2021/03/18 v2.0 Configuration of epstopdf for MiKTeX
))
Package hyperref Info: Link coloring OFF on input line 32.
 (taes_fgo_magnav.out) (taes_fgo_magnav.out)
\@outlinefile=\write3
\openout3 = `taes_fgo_magnav.out'.


(C:\Users\cin64\AppData\Local\Programs\MiKTeX\tex/latex/translations/dicts\tran
slations-basic-dictionary-english.trsl
File: translations-basic-dictionary-english.trsl (english translation file `tra
nslations-basic-dictionary')
)
Package translations Info: loading dictionary `translations-basic-dictionary' f
or `english'. on input line 32.
LaTeX Font Info:    Trying to load font information for OT1+phv on input line 5
7.

(C:\Users\cin64\AppData\Local\Programs\MiKTeX\tex/latex/psnfss\ot1phv.fd
File: ot1phv.fd 2020/03/25 scalable font definitions for OT1/phv.
)
LaTeX Font Info:    Calculating math sizes for size <8.25> on input line 57.
LaTeX Font Info:    Trying to load font information for U+msa on input line 57.


(C:\Users\cin64\AppData\Local\Programs\MiKTeX\tex/latex/amsfonts\umsa.fd
File: umsa.fd 2013/01/14 v3.01 AMS symbols A
)
LaTeX Font Info:    Trying to load font information for U+msb on input line 57.


(C:\Users\cin64\AppData\Local\Programs\MiKTeX\tex/latex/amsfonts\umsb.fd
File: umsb.fd 2013/01/14 v3.01 AMS symbols B
)
Underfull \hbox (badness 1796) in paragraph at lines 57--57
\OT1/ptm/m/n/8.25 Dae-jeon 34141, Re-pub-lic of Ko-rea (e-mail: []cin6474@kaist
.ac.kr[];
 []

LaTeX Font Info:    Trying to load font information for TS1+ptm on input line 5
7.
(C:\Users\cin64\AppData\Local\Programs\MiKTeX\tex/latex/psnfss\ts1ptm.fd
File: ts1ptm.fd 2001/06/04 font definitions for TS1/ptm.
)
LaTeX Font Info:    Calculating math sizes for size <10.28844> on input line 86
.
<figs/fig_concept.pdf, id=128, 414.1635pt x 122.53378pt>
File: figs/fig_concept.pdf Graphic file (type pdf)
<use figs/fig_concept.pdf>
Package pdftex.def Info: figs/fig_concept.pdf  used on input line 143.
(pdftex.def)             Requested size: 482.1579pt x 142.65158pt.

Underfull \vbox (badness 1320) has occurred while \output is active []

 [1

{C:/Users/cin64/AppData/Local/MiKTeX/fonts/map/pdftex/pdftex.map}{C:/Users/cin6
4/AppData/Local/Programs/MiKTeX/fonts/enc/dvips/base/8r.enc}]
Underfull \hbox (badness 1895) in paragraph at lines 152--167
[]\OT1/ptm/m/n/10.28844 Magnetic-anomaly nav-i-ga-tion (Mag-Nav) es-ti-mates
 []


Underfull \vbox (badness 10000) has occurred while \output is active []


Underfull \vbox (badness 10000) has occurred while \output is active []

 [2]
Underfull \hbox (badness 1406) in paragraph at lines 269--293
\OT1/ptm/m/n/10.28844 root smoothers (square-root SAM [[]], iSAM [[]],
 []


Underfull \vbox (badness 10000) has occurred while \output is active []


Underfull \vbox (badness 10000) has occurred while \output is active []

 [3
pdfTeX warning (ext4): destination with the same identifier (name{figure.1}) ha
s been already used, duplicate ignored
<argument> ...shipout:D \box_use:N \l_shipout_box 
                                                  \__shipout_drop_firstpage_...
l.325   \item
              \textbf{Fixed-lag factor-graph joint compensation.} We carry t...
 <./figs/fig_concept.pdf>]
Underfull \hbox (badness 2150) in paragraph at lines 325--335
\OT1/ptm/m/n/10.28844 time-varying vari-ables of a fixed-lag sliding-
 []


Underfull \hbox (badness 2932) in paragraph at lines 325--335
\OT1/ptm/m/n/10.28844 window graph so that nav-i-ga-tion and com-
 []

<figs/fig_pipeline.pdf, id=318, 403.91702pt x 133.66336pt>
File: figs/fig_pipeline.pdf Graphic file (type pdf)
<use figs/fig_pipeline.pdf>
Package pdftex.def Info: figs/fig_pipeline.pdf  used on input line 388.
(pdftex.def)             Requested size: 452.6391pt x 149.78963pt.
[4] [5
pdfTeX warning (ext4): destination with the same identifier (name{figure.2}) ha
s been already used, duplicate ignored
<argument> ...shipout:D \box_use:N \l_shipout_box 
                                                  \__shipout_drop_firstpage_...
l.529 \begin{equation}
                       <./figs/fig_pipeline.pdf>]
<figs/fig_graph.pdf, id=430, 473.6418pt x 178.18169pt>
File: figs/fig_graph.pdf Graphic file (type pdf)
<use figs/fig_graph.pdf>
Package pdftex.def Info: figs/fig_graph.pdf  used on input line 629.
(pdftex.def)             Requested size: 472.3233pt x 177.68913pt.

Underfull \vbox (badness 10000) has occurred while \output is active []

 [6]
<figs/fig_window.pdf, id=451, 209.57236pt x 104.2193pt>
File: figs/fig_window.pdf Graphic file (type pdf)
<use figs/fig_window.pdf>
Package pdftex.def Info: figs/fig_window.pdf  used on input line 662.
(pdftex.def)             Requested size: 235.19897pt x 116.96812pt.
Package hyperref Info: bookmark level for unknown algorithm defaults to 0 on in
put line 670.

Underfull \vbox (badness 10000) has occurred while \output is active []


Underfull \vbox (badness 10000) has occurred while \output is active []

 [7
pdfTeX warning (ext4): destination with the same identifier (name{figure.3}) ha
s been already used, duplicate ignored
<argument> ...shipout:D \box_use:N \l_shipout_box 
                                                  \__shipout_drop_firstpage_...
l.734 
      
pdfTeX warning (ext4): destination with the same identifier (name{figure.4}) ha
s been already used, duplicate ignored
<argument> ...shipout:D \box_use:N \l_shipout_box 
                                                  \__shipout_drop_firstpage_...
l.734 
       <./figs/fig_graph.pdf> <./figs/fig_window.pdf>]
Underfull \vbox (badness 1107) has occurred while \output is active []

 [8]
<figs/fig_obs.pdf, id=585, 206.8928pt x 85.14215pt>
File: figs/fig_obs.pdf Graphic file (type pdf)
<use figs/fig_obs.pdf>
Package pdftex.def Info: figs/fig_obs.pdf  used on input line 838.
(pdftex.def)             Requested size: 235.19897pt x 96.79152pt.

Underfull \vbox (badness 10000) has occurred while \output is active []

 [9
pdfTeX warning (ext4): destination with the same identifier (name{figure.5}) ha
s been already used, duplicate ignored
<argument> ...shipout:D \box_use:N \l_shipout_box 
                                                  \__shipout_drop_firstpage_...
l.927 
       <./figs/fig_obs.pdf>]
Underfull \vbox (badness 6741) has occurred while \output is active []

<figs/fig_map.pdf, id=635, 280.60841pt x 197.94048pt>
File: figs/fig_map.pdf Graphic file (type pdf)
<use figs/fig_map.pdf>
Package pdftex.def Info: figs/fig_map.pdf  used on input line 1007.
(pdftex.def)             Requested size: 235.19897pt x 165.91547pt.
<figs/fig_poserr.pdf, id=636, 234.77684pt x 161.76935pt>
File: figs/fig_poserr.pdf Graphic file (type pdf)
<use figs/fig_poserr.pdf>
Package pdftex.def Info: figs/fig_poserr.pdf  used on input line 1014.
(pdftex.def)             Requested size: 235.19897pt x 162.06514pt.
LaTeX Font Info:    Trying to load font information for OT1+pcr on input line 1
030.

(C:\Users\cin64\AppData\Local\Programs\MiKTeX\tex/latex/psnfss\ot1pcr.fd
File: ot1pcr.fd 2001/06/04 font definitions for OT1/pcr.
)
Underfull \hbox (badness 10000) in paragraph at lines 1021--1043
[]\OT1/ptm/m/n/10.28844 The strong causal com-peti-tor is the on-line
 []


Underfull \hbox (badness 1596) in paragraph at lines 1021--1043
\OT1/ptm/m/n/10.28844 a position-dependent in-put car-ries sen-si-tiv-ity $\OT1
/cmr/bx/n/10 g[]$\OT1/ptm/m/n/10.28844 , so
 []


Underfull \hbox (badness 3536) in paragraph at lines 1021--1043
\OT1/cmr/m/n/10 (\OML/cmm/m/it/10 ^^[; ^^\\OT1/cmr/m/n/10 ) = (3 []\OML/cmm/m/i
t/10 ; \OT1/cmr/m/n/10 180 s)$\OT1/ptm/m/n/10.28844 , and mea-sure-ment vari-an
ce
 []


Underfull \vbox (badness 10000) has occurred while \output is active []

 [10
pdfTeX warning (ext4): destination with the same identifier (name{table.1}) has
 been already used, duplicate ignored
<argument> ...shipout:D \box_use:N \l_shipout_box 
                                                  \__shipout_drop_firstpage_...
l.1043 
       
pdfTeX warning (ext4): destination with the same identifier (name{figure.6}) ha
s been already used, duplicate ignored
<argument> ...shipout:D \box_use:N \l_shipout_box 
                                                  \__shipout_drop_firstpage_...
l.1043 
        <./figs/fig_map.pdf>]
<figs/fig_winlen.pdf, id=700, 235.68422pt x 164.09238pt>
File: figs/fig_winlen.pdf Graphic file (type pdf)
<use figs/fig_winlen.pdf>
Package pdftex.def Info: figs/fig_winlen.pdf  used on input line 1076.
(pdftex.def)             Requested size: 220.79956pt x 153.73605pt.
<figs/fig_coldstart.pdf, id=703, 234.77684pt x 159.33401pt>
File: figs/fig_coldstart.pdf Graphic file (type pdf)
<use figs/fig_coldstart.pdf>
Package pdftex.def Info: figs/fig_coldstart.pdf  used on input line 1101.
(pdftex.def)             Requested size: 235.19897pt x 159.62537pt.
 [11
pdfTeX warning (ext4): destination with the same identifier (name{figure.7}) ha
s been already used, duplicate ignored
<argument> ...shipout:D \box_use:N \l_shipout_box 
                                                  \__shipout_drop_firstpage_...
l.1121 
       
pdfTeX warning (ext4): destination with the same identifier (name{figure.8}) ha
s been already used, duplicate ignored
<argument> ...shipout:D \box_use:N \l_shipout_box 
                                                  \__shipout_drop_firstpage_...
l.1121 
       
pdfTeX warning (ext4): destination with the same identifier (name{table.2}) has
 been already used, duplicate ignored
<argument> ...shipout:D \box_use:N \l_shipout_box 
                                                  \__shipout_drop_firstpage_...
l.1121 
        <./figs/fig_poserr.pdf> <./figs/fig_winlen.pdf>]
Underfull \hbox (badness 1521) in paragraph at lines 1123--1132
\OT1/ptm/m/n/10.28844 base-lines: the plain online-TL EKF and the on-line
 []


Underfull \hbox (badness 1694) in paragraph at lines 1159--1167
[]\OT1/ptm/m/n/10.28844 We also ran the short calibration-maneuver line
 []

<figs/fig_breadth.pdf, id=740, 338.45697pt x 214.17781pt>
File: figs/fig_breadth.pdf Graphic file (type pdf)
<use figs/fig_breadth.pdf>
Package pdftex.def Info: figs/fig_breadth.pdf  used on input line 1216.
(pdftex.def)             Requested size: 220.79956pt x 139.72374pt.

Underfull \vbox (badness 10000) has occurred while \output is active []

 [12
pdfTeX warning (ext4): destination with the same identifier (name{figure.9}) ha
s been already used, duplicate ignored
<argument> ...shipout:D \box_use:N \l_shipout_box 
                                                  \__shipout_drop_firstpage_...
l.1259 
        <./figs/fig_coldstart.pdf>]
Underfull \vbox (badness 1442) has occurred while \output is active []

 [13
pdfTeX warning (ext4): destination with the same identifier (name{table.3}) has
 been already used, duplicate ignored
<argument> ...shipout:D \box_use:N \l_shipout_box 
                                                  \__shipout_drop_firstpage_...
l.1299 
       
pdfTeX warning (ext4): destination with the same identifier (name{figure.10}) h
as been already used, duplicate ignored
<argument> ...shipout:D \box_use:N \l_shipout_box 
                                                  \__shipout_drop_firstpage_...
l.1299 
       
pdfTeX warning (ext4): destination with the same identifier (name{table.4}) has
 been already used, duplicate ignored
<argument> ...shipout:D \box_use:N \l_shipout_box 
                                                  \__shipout_drop_firstpage_...
l.1299 
        <./figs/fig_breadth.pdf>]
<figs/fig_consistency.pdf, id=802, 262.96027pt x 153.42216pt>
File: figs/fig_consistency.pdf Graphic file (type pdf)
<use figs/fig_consistency.pdf>
Package pdftex.def Info: figs/fig_consistency.pdf  used on input line 1336.
(pdftex.def)             Requested size: 235.19897pt x 137.22653pt.
<figs/fig_sigma.pdf, id=803, 233.78877pt x 192.3757pt>
File: figs/fig_sigma.pdf Graphic file (type pdf)
<use figs/fig_sigma.pdf>
Package pdftex.def Info: figs/fig_sigma.pdf  used on input line 1348.
(pdftex.def)             Requested size: 235.19897pt x 193.54056pt.
 [14
pdfTeX warning (ext4): destination with the same identifier (name{figure.11}) h
as been already used, duplicate ignored
<argument> ...shipout:D \box_use:N \l_shipout_box 
                                                  \__shipout_drop_firstpage_...
l.1382 
       
pdfTeX warning (ext4): destination with the same identifier (name{figure.12}) h
as been already used, duplicate ignored
<argument> ...shipout:D \box_use:N \l_shipout_box 
                                                  \__shipout_drop_firstpage_...
l.1382 
        <./figs/fig_consistency.pdf> <./figs/fig_sigma.pdf>] [15]
** ATTENTION: \biography is deprecated (line 1528). Use \IEEEbiography instead.


Underfull \vbox (badness 5175) has occurred while \output is active []

<figs/author_lee.png, id=876, 535.2497pt x 688.07062pt>
File: figs/author_lee.png Graphic file (type png)
<use figs/author_lee.png>
Package pdftex.def Info: figs/author_lee.png  used on input line 1528.
(pdftex.def)             Requested size: 70.27095pt x 90.33424pt.
File: figs/author_lee.png Graphic file (type png)
<use figs/author_lee.png>
Package pdftex.def Info: figs/author_lee.png  used on input line 1528.
(pdftex.def)             Requested size: 70.27095pt x 90.33424pt.

** ATTENTION: \biography is deprecated (line 1536). Use \IEEEbiography instead.

<figs/author_placeholder.png, id=879, 72.27pt x 90.3375pt>
File: figs/author_placeholder.png Graphic file (type png)
<use figs/author_placeholder.png>
Package pdftex.def Info: figs/author_placeholder.png  used on input line 1536.
(pdftex.def)             Requested size: 72.2709pt x 90.33864pt.
File: figs/author_placeholder.png Graphic file (type png)
<use figs/author_placeholder.png>
Package pdftex.def Info: figs/author_placeholder.png  used on input line 1536.
(pdftex.def)             Requested size: 72.2709pt x 90.33864pt.
** ATTENTION: \biography is deprecated (line 1543). Use \IEEEbiography instead.

<figs/author_bang.jpg, id=883, 282.05376pt x 359.3425pt>
File: figs/author_bang.jpg Graphic file (type jpg)
<use figs/author_bang.jpg>
Package pdftex.def Info: figs/author_bang.jpg  used on input line 1543.
(pdftex.def)             Requested size: 70.9049pt x 90.33437pt.
File: figs/author_bang.jpg Graphic file (type jpg)
<use figs/author_bang.jpg>
Package pdftex.def Info: figs/author_bang.jpg  used on input line 1543.
(pdftex.def)             Requested size: 70.9049pt x 90.33437pt.
(taes_fgo_magnav.bbl [16 <./figs/author_lee.png> <./figs/author_placeholder.png
> <./figs/author_bang.jpg>]
Underfull \hbox (badness 3482) in paragraph at lines 125--126
[]\OT1/ptm/m/n/8 Aeromagnetic com-pen-sa-tion in gradiometry---performance,
 []


Underfull \vbox (badness 1400) has occurred while \output is active []

 [17])
[18

] (taes_fgo_magnav.aux)
 ***********
LaTeX2e <2025-11-01>
L3 programming layer <2025-12-24>
 ***********
Package rerunfilecheck Info: File `taes_fgo_magnav.out' has not changed.
(rerunfilecheck)             Checksum: 2FD80073B723F25978340E1C936391B0;5448.
 ) 
Here is how much of TeX's memory you used:
 16132 strings out of 467871
 316858 string characters out of 5418376
 701573 words of memory out of 5000000
 44678 multiletter control sequences out of 15000+600000
 679159 words of font info for 145 fonts, out of 8000000 for 9000
 1141 hyphenation exceptions out of 8191
 90i,13n,93p,606b,1166s stack positions out of 10000i,1000n,20000p,200000b,200000s
<C:/Users/cin64/AppData/Local/Programs/MiKTeX/fonts/type1/public/amsfonts/cm/
cmbx10.pfb><C:/Users/cin64/AppData/Local/Programs/MiKTeX/fonts/type1/public/ams
fonts/cm/cmbx7.pfb><C:/Users/cin64/AppData/Local/Programs/MiKTeX/fonts/type1/pu
blic/amsfonts/cm/cmbx8.pfb><C:/Users/cin64/AppData/Local/Programs/MiKTeX/fonts/
type1/public/amsfonts/cm/cmex10.pfb><C:/Users/cin64/AppData/Local/Programs/MiKT
eX/fonts/type1/public/amsfonts/cm/cmmi10.pfb><C:/Users/cin64/AppData/Local/Prog
rams/MiKTeX/fonts/type1/public/amsfonts/cm/cmmi5.pfb><C:/Users/cin64/AppData/Lo
cal/Programs/MiKTeX/fonts/type1/public/amsfonts/cm/cmmi6.pfb><C:/Users/cin64/Ap
pData/Local/Programs/MiKTeX/fonts/type1/public/amsfonts/cm/cmmi7.pfb><C:/Users/
cin64/AppData/Local/Programs/MiKTeX/fonts/type1/public/amsfonts/cm/cmmi8.pfb><C
:/Users/cin64/AppData/Local/Programs/MiKTeX/fonts/type1/public/amsfonts/cm/cmmi
b10.pfb><C:/Users/cin64/AppData/Local/Programs/MiKTeX/fonts/type1/public/amsfon
ts/cmextra/cmmib7.pfb><C:/Users/cin64/AppData/Local/Programs/MiKTeX/fonts/type1
/public/amsfonts/cmextra/cmmib8.pfb><C:/Users/cin64/AppData/Local/Programs/MiKT
eX/fonts/type1/public/amsfonts/cm/cmr10.pfb><C:/Users/cin64/AppData/Local/Progr
ams/MiKTeX/fonts/type1/public/amsfonts/cm/cmr5.pfb><C:/Users/cin64/AppData/Loca
l/Programs/MiKTeX/fonts/type1/public/amsfonts/cm/cmr6.pfb><C:/Users/cin64/AppDa
ta/Local/Programs/MiKTeX/fonts/type1/public/amsfonts/cm/cmr7.pfb><C:/Users/cin6
4/AppData/Local/Programs/MiKTeX/fonts/type1/public/amsfonts/cm/cmr8.pfb><C:/Use
rs/cin64/AppData/Local/Programs/MiKTeX/fonts/type1/public/amsfonts/cm/cmsy10.pf
b><C:/Users/cin64/AppData/Local/Programs/MiKTeX/fonts/type1/public/amsfonts/cm/
cmsy5.pfb><C:/Users/cin64/AppData/Local/Programs/MiKTeX/fonts/type1/public/amsf
onts/cm/cmsy6.pfb><C:/Users/cin64/AppData/Local/Programs/MiKTeX/fonts/type1/pub
lic/amsfonts/cm/cmsy7.pfb><C:/Users/cin64/AppData/Local/Programs/MiKTeX/fonts/t
ype1/public/amsfonts/cm/cmsy8.pfb><C:/Users/cin64/AppData/Local/Programs/MiKTeX
/fonts/type1/public/amsfonts/symbols/msam10.pfb><C:/Users/cin64/AppData/Local/P
rograms/MiKTeX/fonts/type1/public/amsfonts/symbols/msbm10.pfb><C:/Users/cin64/A
ppData/Local/Programs/MiKTeX/fonts/type1/urw/courier/ucrr8a.pfb><C:/Users/cin64
/AppData/Local/Programs/MiKTeX/fonts/type1/urw/helvetic/uhvr8a.pfb><C:/Users/ci
n64/AppData/Local/Programs/MiKTeX/fonts/type1/urw/times/utmb8a.pfb><C:/Users/ci
n64/AppData/Local/Programs/MiKTeX/fonts/type1/urw/times/utmbi8a.pfb><C:/Users/c
in64/AppData/Local/Programs/MiKTeX/fonts/type1/urw/times/utmr8a.pfb><C:/Users/c
in64/AppData/Local/Programs/MiKTeX/fonts/type1/urw/times/utmri8a.pfb><C:/Users/
cin64/AppData/Local/Programs/MiKTeX/fonts/type1/urw/zapfding/uzdr.pfb>
Output written on taes_fgo_magnav.pdf (18 pages, 1961795 bytes).
PDF statistics:
 1062 PDF objects out of 1200 (max. 8388607)
 127 named destinations out of 1000 (max. 500000)
 344 words of extra memory for PDF output out of 10000 (max. 10000000)

